// Jest Snapshot v1, https://goo.gl/fbAQLP

exports[`Initial Test of the Header Matches snapshot 1`] = `
<body>
  <div>
    <header
      class="header"
    >
      <div
        class="header__container"
      >
        <a
          class="is-active"
          href="/"
        >
          <h1>
            Pet Game
          </h1>
        </a>
        <nav>
          <a
            class=""
            href="/taking-tree"
          >
            The Taking Tree
          </a>
          <a
            class=""
            href="/login"
          >
            Log in
          </a>
        </nav>
      </div>
    </header>
  </div>
</body>
`;
